Donald Knuth: The Art of Computer Programming
Alan Mathison Turing: On Computable Numbers with an Application to the Entscheidungsproblem (appeared in Journal of Math)
Christel Baier, Joost-Pieter Katoen: Introduction to Model Checking
John Forbes Nash: Non-Cooperative Games (appeared in The Annals of Mathematics)
